##[["GX taxonomy analysis report", 3, 1], {"git-rev": "v0.5.5-9-gfc836c1", "run-date": "Wed Apr 15 13:32:26 2026", "db": {"build-date": "2022-11-03", "seqs": 3042, "Gbp": 0.28336}, "run-info": {"agg-cvg": 0.00994446, "asserted-div": "fung:basidiomycetes", "inferred-primary-divs": ["prok:CFB group bacteria"], "corrected-primary-divs": ["fung:basidiomycetes"], "genome-hash": "113bd65a9942043d"}}]
#seq-id	seq-len	(xp,lc,co,n,mt,pt,pm)-len	cvg-by-all	sep1	tax-name-1	tax-id-1	div-1	cvg-by-div-1	cvg-by-tax-1	score-1	sep2	tax-id-2	div-2	cvg-by-div-2	cvg-by-tax-2	score-2	sep3	tax-id-3	div-3	cvg-by-div-3	cvg-by-tax-3	score-3	sep4	tax-id-4	div-4	cvg-by-div-4	cvg-by-tax-4	score-4	sep5	reserved	result	div	div_pct_cvg
NODE_1_length_4886_cov_0.859846	4880	0,0,0,0,0,0,0	0	|							|						|						|						|	n/a	low-coverage	none	0
NODE_2_length_1654_cov_1.712112	1654	0,0,0,0,0,0,0	0	|							|						|						|						|	n/a	low-coverage	none	0
NODE_3_length_1080_cov_1.909272	1080	0,0,0,0,0,0,0	0	|							|						|						|						|	n/a	low-coverage	none	0
NODE_4_length_940_cov_0.984936	940	0,0,0,0,0,0,0	0	|							|						|						|						|	n/a	low-coverage	none	0
NODE_5_length_841_cov_1.638743	841	0,0,0,0,0,0,0	0	|							|						|						|						|	n/a	low-coverage	none	0
NODE_6_length_785_cov_1.187853	785	0,0,0,0,0,0,0	0	|							|						|						|						|	n/a	low-coverage	none	0
NODE_7_length_773_cov_1.099138	773	0,0,0,0,0,0,0	0	|							|						|						|						|	n/a	low-coverage	none	0
NODE_8_length_768_cov_0.593343	768	0,0,0,0,0,0,0	0	|							|						|						|						|	n/a	low-coverage	none	0
NODE_9_length_745_cov_1.187126	745	0,0,0,0,0,0,0	0	|							|						|						|						|	n/a	low-coverage	none	0
NODE_10_length_700_cov_0.783307	700	0,0,0,0,0,0,0	0	|							|						|						|						|	n/a	low-coverage	none	0
NODE_11_length_679_cov_1.785714	679	0,529,0,0,0,0,0	0	|							|						|						|						|	n/a	repeat	none	0
NODE_12_length_647_cov_0.907018	647	0,0,0,0,0,0,0	0	|							|						|						|						|	n/a	low-coverage	none	0
NODE_13_length_633_cov_0.631295	633	0,0,0,0,0,0,0	0	|							|						|						|						|	n/a	low-coverage	none	0
NODE_14_length_604_cov_0.982922	604	0,0,0,0,0,0,0	0	|							|						|						|						|	n/a	low-coverage	none	0
NODE_15_length_592_cov_0.850485	592	0,0,0,0,0,0,0	0	|							|						|						|						|	n/a	low-coverage	none	0
NODE_16_length_583_cov_0.895257	583	0,583,0,0,0,0,0	0	|							|						|						|						|	n/a	repeat	none	0
NODE_17_length_582_cov_0.613861	582	0,0,0,0,0,0,0	0	|							|						|						|						|	n/a	low-coverage	none	0
NODE_18_length_576_cov_0.943888	576	0,0,0,0,0,0,0	0	|							|						|						|						|	n/a	low-coverage	none	0
NODE_19_length_559_cov_0.000000	559	0,0,0,0,0,0,0	0	|							|						|						|						|	n/a	low-coverage	none	0
NODE_20_length_520_cov_0.765237	520	0,0,0,0,0,0,0	0	|							|						|						|						|	n/a	low-coverage	none	0
NODE_21_length_510_cov_2.106236	510	0,0,0,0,0,0,0	0	|							|						|						|						|	n/a	low-coverage	none	0
NODE_22_length_490_cov_1.634383	490	0,0,0,0,0,0,0	0	|							|						|						|						|	n/a	low-coverage	none	0
NODE_23_length_482_cov_0.488889	482	0,0,0,0,0,0,0	0	|							|						|						|						|	n/a	low-coverage	none	0
NODE_24_length_481_cov_1.247525	481	0,0,0,0,0,0,0	0	|							|						|						|						|	n/a	low-coverage	none	0
NODE_25_length_472_cov_0.916456	472	0,0,0,0,0,0,0	0	|							|						|						|						|	n/a	low-coverage	none	0
NODE_26_length_461_cov_1.106771	461	0,59,0,0,0,0,0	0	|							|						|						|						|	n/a	repeat	none	0
NODE_27_length_445_cov_2.279891	445	0,0,0,0,0,0,0	0	|							|						|						|						|	n/a	low-coverage	none	0
NODE_28_length_444_cov_0.569482	444	0,0,0,0,0,0,0	0	|							|						|						|						|	n/a	low-coverage	none	0
NODE_29_length_439_cov_0.814917	439	0,0,0,0,0,0,0	419	|	Bacteroides stercorirosoris	871324	prok:CFB group bacteria	419	419	100	|	818	prok:CFB group bacteria	419	415	99	|						|						|	n/a	contaminant(div)	prok:CFB group bacteria	95
NODE_30_length_433_cov_1.272472	433	0,0,0,0,0,0,0	0	|							|						|						|						|	n/a	low-coverage	none	0
NODE_31_length_428_cov_0.729345	428	0,0,0,0,0,0,0	0	|							|						|						|						|	n/a	low-coverage	none	0
NODE_32_length_428_cov_0.000000	428	0,0,0,0,0,0,0	0	|							|						|						|						|	n/a	low-coverage	none	0
NODE_33_length_427_cov_0.000000	427	0,0,0,0,0,0,0	0	|							|						|						|						|	n/a	low-coverage	none	0
NODE_34_length_417_cov_1.394118	417	0,0,0,0,0,0,0	0	|							|						|						|						|	n/a	low-coverage	none	0
NODE_35_length_414_cov_1.133531	414	0,0,0,0,0,0,0	0	|							|						|						|						|	n/a	low-coverage	none	0
NODE_36_length_402_cov_1.040000	402	0,0,0,0,0,0,0	0	|							|						|						|						|	n/a	low-coverage	none	0
NODE_37_length_401_cov_1.021605	401	0,0,0,0,0,0,0	0	|							|						|						|						|	n/a	low-coverage	none	0
NODE_38_length_399_cov_0.919255	399	0,0,0,0,0,0,0	0	|							|						|						|						|	n/a	low-coverage	none	0
NODE_39_length_398_cov_0.000000	398	0,0,0,0,0,0,0	0	|							|						|						|						|	n/a	low-coverage	none	0
NODE_40_length_397_cov_1.353125	397	0,0,0,0,0,0,0	0	|							|						|						|						|	n/a	low-coverage	none	0
NODE_41_length_392_cov_0.977778	392	0,0,0,0,0,0,0	0	|							|						|						|						|	n/a	low-coverage	none	0
NODE_42_length_392_cov_0.803175	392	0,0,0,0,0,0,0	0	|							|						|						|						|	n/a	low-coverage	none	0
NODE_43_length_388_cov_0.585209	388	0,0,0,0,0,0,0	0	|							|						|						|						|	n/a	low-coverage	none	0
NODE_44_length_387_cov_1.283871	387	0,0,0,0,0,0,0	0	|							|						|						|						|	n/a	low-coverage	none	0
NODE_45_length_385_cov_1.555195	385	0,0,0,0,0,0,0	0	|							|						|						|						|	n/a	low-coverage	none	0
NODE_46_length_385_cov_1.042208	385	0,0,0,0,0,0,0	0	|							|						|						|						|	n/a	low-coverage	none	0
NODE_47_length_384_cov_0.967427	384	0,0,0,0,0,0,0	0	|							|						|						|						|	n/a	low-coverage	none	0
NODE_48_length_382_cov_0.809836	382	0,0,0,0,0,0,0	0	|							|						|						|						|	n/a	low-coverage	none	0
NODE_49_length_381_cov_1.217105	381	0,0,0,0,0,0,0	0	|							|						|						|						|	n/a	low-coverage	none	0
NODE_50_length_381_cov_0.855263	381	0,0,0,0,0,0,0	0	|							|						|						|						|	n/a	low-coverage	none	0
NODE_51_length_377_cov_0.640000	377	0,0,0,0,0,0,0	0	|							|						|						|						|	n/a	low-coverage	none	0
NODE_52_length_376_cov_1.802676	376	0,0,0,0,0,0,0	0	|							|						|						|						|	n/a	low-coverage	none	0
NODE_53_length_374_cov_0.747475	374	0,0,0,0,0,0,0	0	|							|						|						|						|	n/a	low-coverage	none	0
NODE_54_length_373_cov_1.013514	373	0,0,0,0,0,0,0	0	|							|						|						|						|	n/a	low-coverage	none	0
NODE_55_length_371_cov_0.829932	371	0,0,0,0,0,0,0	0	|							|						|						|						|	n/a	low-coverage	none	0
NODE_56_length_369_cov_1.044521	369	0,0,0,0,0,0,0	0	|							|						|						|						|	n/a	low-coverage	none	0
NODE_57_length_369_cov_0.000000	369	0,0,0,0,0,0,0	0	|							|						|						|						|	n/a	low-coverage	none	0
NODE_58_length_364_cov_1.567944	364	0,0,0,0,0,0,0	0	|							|						|						|						|	n/a	low-coverage	none	0
NODE_59_length_363_cov_0.664336	363	0,0,0,0,0,0,0	0	|							|						|						|						|	n/a	low-coverage	none	0
NODE_60_length_362_cov_1.298246	362	0,0,0,0,0,0,0	0	|							|						|						|						|	n/a	low-coverage	none	0
NODE_61_length_356_cov_1.107527	356	0,0,0,0,0,0,0	0	|							|						|						|						|	n/a	low-coverage	none	0
NODE_62_length_356_cov_0.881720	356	0,0,0,0,0,0,0	0	|							|						|						|						|	n/a	low-coverage	none	0
NODE_63_length_356_cov_0.802867	356	0,0,0,0,0,0,0	0	|							|						|						|						|	n/a	low-coverage	none	0
NODE_64_length_356_cov_0.000000	356	0,0,0,0,0,0,0	0	|							|						|						|						|	n/a	low-coverage	none	0
NODE_65_length_355_cov_0.000000	355	0,0,0,0,0,0,0	0	|							|						|						|						|	n/a	low-coverage	none	0
NODE_66_length_354_cov_0.545126	354	0,0,0,0,0,0,0	0	|							|						|						|						|	n/a	low-coverage	none	0
NODE_67_length_352_cov_0.934545	352	0,0,0,0,0,0,0	0	|							|						|						|						|	n/a	low-coverage	none	0
NODE_68_length_352_cov_0.872727	352	0,0,0,0,0,0,0	0	|							|						|						|						|	n/a	low-coverage	none	0
NODE_69_length_351_cov_0.813869	351	0,0,0,0,0,0,0	0	|							|						|						|						|	n/a	low-coverage	none	0
NODE_70_length_349_cov_0.757353	349	0,0,0,0,0,0,0	0	|							|						|						|						|	n/a	low-coverage	none	0
NODE_71_length_256_cov_1.932961	256	0,0,0,0,0,0,0	0	|							|						|						|						|	n/a	low-coverage	none	0
NODE_72_length_232_cov_0.954839	232	0,232,0,0,0,0,0	0	|							|						|						|						|	n/a	repeat	none	0
NODE_73_length_191_cov_0.684211	191	0,0,0,0,0,0,0	0	|							|						|						|						|	n/a	low-coverage	none	0
NODE_74_length_167_cov_1.322222	167	0,167,0,0,0,0,0	0	|							|						|						|						|	n/a	repeat	none	0
NODE_75_length_158_cov_1.000000	158	0,158,0,0,0,0,0	0	|							|						|						|						|	n/a	repeat	none	0
NODE_76_length_146_cov_1.043478	146	0,146,0,0,0,0,0	0	|							|						|						|						|	n/a	repeat	none	0
NODE_77_length_122_cov_0.977778	122	0,122,0,0,0,0,0	0	|							|						|						|						|	n/a	repeat	none	0
NODE_78_length_117_cov_1.050000	117	0,117,0,0,0,0,0	0	|							|						|						|						|	n/a	repeat	none	0
NODE_79_length_116_cov_1.435897	116	0,116,0,0,0,0,0	0	|							|						|						|						|	n/a	repeat	none	0
NODE_80_length_104_cov_3.111111	104	0,104,0,0,0,0,0	0	|							|						|						|						|	n/a	repeat	none	0
NODE_81_length_103_cov_1.807692	103	0,103,0,0,0,0,0	0	|							|						|						|						|	n/a	repeat	none	0
NODE_82_length_92_cov_4.333333	92	0,92,0,0,0,0,0	0	|							|						|						|						|	n/a	repeat	none	0
NODE_83_length_88_cov_4.272727	88	0,88,0,0,0,0,0	0	|							|						|						|						|	n/a	repeat	none	0
NODE_84_length_86_cov_6.333333	86	0,86,0,0,0,0,0	0	|							|						|						|						|	n/a	repeat	none	0
NODE_85_length_86_cov_5.777778	86	0,86,0,0,0,0,0	0	|							|						|						|						|	n/a	repeat	none	0
NODE_86_length_85_cov_5.750000	85	0,85,0,0,0,0,0	0	|							|						|						|						|	n/a	repeat	none	0
NODE_87_length_84_cov_131.000000	84	0,84,0,0,0,0,0	0	|							|						|						|						|	n/a	repeat	none	0
NODE_88_length_84_cov_5.285714	84	0,84,0,0,0,0,0	0	|							|						|						|						|	n/a	repeat	none	0
NODE_89_length_83_cov_9.000000	83	0,83,0,0,0,0,0	0	|							|						|						|						|	n/a	repeat	none	0
NODE_90_length_83_cov_2.833333	83	0,83,0,0,0,0,0	0	|							|						|						|						|	n/a	repeat	none	0
NODE_91_length_83_cov_1.833333	83	0,83,0,0,0,0,0	0	|							|						|						|						|	n/a	repeat	none	0
NODE_92_length_82_cov_29.200000	82	0,82,0,0,0,0,0	0	|							|						|						|						|	n/a	repeat	none	0
NODE_93_length_82_cov_5.400000	82	0,82,0,0,0,0,0	0	|							|						|						|						|	n/a	repeat	none	0
NODE_94_length_82_cov_2.800000	82	0,82,0,0,0,0,0	0	|							|						|						|						|	n/a	repeat	none	0
NODE_95_length_81_cov_111.250000	81	0,81,0,0,0,0,0	0	|							|						|						|						|	n/a	repeat	none	0
NODE_96_length_81_cov_37.750000	81	0,81,0,0,0,0,0	0	|							|						|						|						|	n/a	repeat	none	0
NODE_97_length_80_cov_114.333333	80	0,80,0,0,0,0,0	0	|							|						|						|						|	n/a	repeat	none	0
NODE_98_length_79_cov_63.500000	79	0,79,0,0,0,0,0	0	|							|						|						|						|	n/a	repeat	none	0
